    Blocking waiting for file lock on build directory
warning: unused variable: `iter`
    --> sandart-sim/src/physics.rs:1640:9
     |
1640 |     for iter in 0..ELLIPTIC_ITERATIONS {
     |         ^^^^ help: if this is intentional, prefix it with an underscore: `_iter`
     |
     = note: `#[warn(unused_variables)]` (part of `#[warn(unused)]`) on by default

warning: function `wave_amplitude_in_band` is never used
    --> sandart-sim/src/physics.rs:8288:8
     |
8288 |     fn wave_amplitude_in_band(sim: &TestSim, w: usize, h: usize, rest: f32, x0: usize, x1: usize) -> f32 {
     |        ^^^^^^^^^^^^^^^^^^^^^^
     |
     = note: `#[warn(dead_code)]` (part of `#[warn(unused)]`) on by default

warning: `sandart-sim` (lib test) generated 2 warnings (run `cargo fix --lib -p sandart-sim --tests` to apply 1 suggestion)
    Finished `release` profile [optimized] target(s) in 15.55s
     Running unittests src/lib.rs (target/release/deps/sandart_sim-959f5a4094b1a3f3)

running 1 test
diag_task55_draining_lake_flatness: w=  64 h=64 block_size=2 budget_n=256 run_ticks=400 fill=[12,32) neck_width=0.15 hourglass_curve=0.6
diag_task55_draining_lake_flatness: w=  64 --- additive(shipped) / adaptive(shipped) ---
diag_task55_draining_lake_flatness: w=  64 additive(shipped)      adaptive(shipped)    tick=   0 spread= 0.0000 mean_surface_row= 12.000 wetted_columns= 41
diag_task55_draining_lake_flatness: w=  64 additive(shipped)      adaptive(shipped)    tick=   1 spread= 0.0000 mean_surface_row= 12.000 wetted_columns= 41
diag_task55_draining_lake_flatness: w=  64 additive(shipped)      adaptive(shipped)    tick=   2 spread= 0.0000 mean_surface_row= 12.000 wetted_columns= 41
diag_task55_draining_lake_flatness: w=  64 additive(shipped)      adaptive(shipped)    tick=   3 spread= 0.0000 mean_surface_row= 12.000 wetted_columns= 41
diag_task55_draining_lake_flatness: w=  64 additive(shipped)      adaptive(shipped)    tick=   4 spread= 0.0000 mean_surface_row= 12.000 wetted_columns= 41
diag_task55_draining_lake_flatness: w=  64 additive(shipped)      adaptive(shipped)    tick=   5 spread= 0.0000 mean_surface_row= 12.000 wetted_columns= 41
diag_task55_draining_lake_flatness: w=  64 additive(shipped)      adaptive(shipped)    tick=   6 spread= 0.0000 mean_surface_row= 12.000 wetted_columns= 41
diag_task55_draining_lake_flatness: w=  64 additive(shipped)      adaptive(shipped)    tick=   7 spread= 0.0000 mean_surface_row= 12.000 wetted_columns= 41
diag_task55_draining_lake_flatness: w=  64 additive(shipped)      adaptive(shipped)    tick=   8 spread= 0.0000 mean_surface_row= 12.000 wetted_columns= 41
diag_task55_draining_lake_flatness: w=  64 additive(shipped)      adaptive(shipped)    tick=  10 spread= 0.0000 mean_surface_row= 12.000 wetted_columns= 41
diag_task55_draining_lake_flatness: w=  64 additive(shipped)      adaptive(shipped)    tick=  15 spread= 0.0000 mean_surface_row= 12.000 wetted_columns= 41
diag_task55_draining_lake_flatness: w=  64 additive(shipped)      adaptive(shipped)    tick=  20 spread= 0.0000 mean_surface_row= 12.000 wetted_columns= 41
diag_task55_draining_lake_flatness: w=  64 additive(shipped)      adaptive(shipped)    tick=  30 spread= 3.0000 mean_surface_row= 13.122 wetted_columns= 41
diag_task55_draining_lake_flatness: w=  64 additive(shipped)      adaptive(shipped)    tick=  50 spread= 7.0000 mean_surface_row= 16.550 wetted_columns= 40
diag_task55_draining_lake_flatness: w=  64 additive(shipped)      adaptive(shipped)    tick=  75 spread=13.0000 mean_surface_row= 22.541 wetted_columns= 37
diag_task55_draining_lake_flatness: w=  64 additive(shipped)      adaptive(shipped)    tick= 100 spread= 8.0000 mean_surface_row= 26.682 wetted_columns= 22
diag_task55_draining_lake_flatness: w=  64 additive(shipped)      adaptive(shipped)    tick= 150 spread= 0.0000 mean_surface_row= 32.000 wetted_columns=  0
diag_task55_draining_lake_flatness: w=  64 additive(shipped)      adaptive(shipped)    tick= 200 spread= 0.0000 mean_surface_row= 32.000 wetted_columns=  0
diag_task55_draining_lake_flatness: w=  64 additive(shipped)      adaptive(shipped)    tick= 300 spread= 0.0000 mean_surface_row= 32.000 wetted_columns=  0
diag_task55_draining_lake_flatness: w=  64 additive(shipped)      adaptive(shipped)    tick= 400 spread= 0.0000 mean_surface_row= 32.000 wetted_columns=  0
diag_task55_draining_lake_flatness: w=  64 additive(shipped)      adaptive(shipped)    peak_spread=15.0000 at tick=64 run_ticks_budget=400
diag_task55_draining_lake_flatness: w=  64 --- additive(shipped) / perfect_sim ---
diag_task55_draining_lake_flatness: w=  64 additive(shipped)      perfect_sim          tick=   0 spread= 0.0000 mean_surface_row= 12.000 wetted_columns= 41
diag_task55_draining_lake_flatness: w=  64 additive(shipped)      perfect_sim          tick=   1 spread= 0.0000 mean_surface_row= 12.000 wetted_columns= 41
diag_task55_draining_lake_flatness: w=  64 additive(shipped)      perfect_sim          tick=   2 spread= 0.0000 mean_surface_row= 12.000 wetted_columns= 41
diag_task55_draining_lake_flatness: w=  64 additive(shipped)      perfect_sim          tick=   3 spread= 0.0000 mean_surface_row= 12.000 wetted_columns= 41
diag_task55_draining_lake_flatness: w=  64 additive(shipped)      perfect_sim          tick=   4 spread= 0.0000 mean_surface_row= 12.000 wetted_columns= 41
diag_task55_draining_lake_flatness: w=  64 additive(shipped)      perfect_sim          tick=   5 spread= 0.0000 mean_surface_row= 12.000 wetted_columns= 41
diag_task55_draining_lake_flatness: w=  64 additive(shipped)      perfect_sim          tick=   6 spread= 0.0000 mean_surface_row= 12.000 wetted_columns= 41
diag_task55_draining_lake_flatness: w=  64 additive(shipped)      perfect_sim          tick=   7 spread= 0.0000 mean_surface_row= 12.000 wetted_columns= 41
diag_task55_draining_lake_flatness: w=  64 additive(shipped)      perfect_sim          tick=   8 spread= 0.0000 mean_surface_row= 12.000 wetted_columns= 41
diag_task55_draining_lake_flatness: w=  64 additive(shipped)      perfect_sim          tick=  10 spread= 0.0000 mean_surface_row= 12.000 wetted_columns= 41
diag_task55_draining_lake_flatness: w=  64 additive(shipped)      perfect_sim          tick=  15 spread= 0.0000 mean_surface_row= 12.000 wetted_columns= 41
diag_task55_draining_lake_flatness: w=  64 additive(shipped)      perfect_sim          tick=  20 spread= 0.0000 mean_surface_row= 12.000 wetted_columns= 41
diag_task55_draining_lake_flatness: w=  64 additive(shipped)      perfect_sim          tick=  30 spread= 3.0000 mean_surface_row= 13.073 wetted_columns= 41
diag_task55_draining_lake_flatness: w=  64 additive(shipped)      perfect_sim          tick=  50 spread= 8.0000 mean_surface_row= 16.718 wetted_columns= 39
diag_task55_draining_lake_flatness: w=  64 additive(shipped)      perfect_sim          tick=  75 spread=13.0000 mean_surface_row= 22.806 wetted_columns= 36
diag_task55_draining_lake_flatness: w=  64 additive(shipped)      perfect_sim          tick= 100 spread= 9.0000 mean_surface_row= 26.409 wetted_columns= 22
diag_task55_draining_lake_flatness: w=  64 additive(shipped)      perfect_sim          tick= 150 spread= 0.0000 mean_surface_row= 32.000 wetted_columns=  0
diag_task55_draining_lake_flatness: w=  64 additive(shipped)      perfect_sim          tick= 200 spread= 0.0000 mean_surface_row= 32.000 wetted_columns=  0
diag_task55_draining_lake_flatness: w=  64 additive(shipped)      perfect_sim          tick= 300 spread= 0.0000 mean_surface_row= 32.000 wetted_columns=  0
diag_task55_draining_lake_flatness: w=  64 additive(shipped)      perfect_sim          tick= 400 spread= 0.0000 mean_surface_row= 32.000 wetted_columns=  0
diag_task55_draining_lake_flatness: w=  64 additive(shipped)      perfect_sim          peak_spread=14.0000 at tick=70 run_ticks_budget=400
diag_task55_draining_lake_flatness: w=  64 --- multiplicative(gated) / adaptive(shipped) ---
diag_task55_draining_lake_flatness: w=  64 multiplicative(gated)  adaptive(shipped)    tick=   0 spread= 0.0000 mean_surface_row= 12.000 wetted_columns= 41
diag_task55_draining_lake_flatness: w=  64 multiplicative(gated)  adaptive(shipped)    tick=   1 spread= 0.0000 mean_surface_row= 12.000 wetted_columns= 41
diag_task55_draining_lake_flatness: w=  64 multiplicative(gated)  adaptive(shipped)    tick=   2 spread= 0.0000 mean_surface_row= 12.000 wetted_columns= 41
diag_task55_draining_lake_flatness: w=  64 multiplicative(gated)  adaptive(shipped)    tick=   3 spread= 0.0000 mean_surface_row= 12.000 wetted_columns= 41
diag_task55_draining_lake_flatness: w=  64 multiplicative(gated)  adaptive(shipped)    tick=   4 spread= 0.0000 mean_surface_row= 12.000 wetted_columns= 41
diag_task55_draining_lake_flatness: w=  64 multiplicative(gated)  adaptive(shipped)    tick=   5 spread= 0.0000 mean_surface_row= 12.000 wetted_columns= 41
diag_task55_draining_lake_flatness: w=  64 multiplicative(gated)  adaptive(shipped)    tick=   6 spread= 0.0000 mean_surface_row= 12.000 wetted_columns= 41
diag_task55_draining_lake_flatness: w=  64 multiplicative(gated)  adaptive(shipped)    tick=   7 spread= 0.0000 mean_surface_row= 12.000 wetted_columns= 41
diag_task55_draining_lake_flatness: w=  64 multiplicative(gated)  adaptive(shipped)    tick=   8 spread= 0.0000 mean_surface_row= 12.000 wetted_columns= 41
diag_task55_draining_lake_flatness: w=  64 multiplicative(gated)  adaptive(shipped)    tick=  10 spread= 0.0000 mean_surface_row= 12.000 wetted_columns= 41
diag_task55_draining_lake_flatness: w=  64 multiplicative(gated)  adaptive(shipped)    tick=  15 spread= 0.0000 mean_surface_row= 12.000 wetted_columns= 41
diag_task55_draining_lake_flatness: w=  64 multiplicative(gated)  adaptive(shipped)    tick=  20 spread= 0.0000 mean_surface_row= 12.000 wetted_columns= 41
diag_task55_draining_lake_flatness: w=  64 multiplicative(gated)  adaptive(shipped)    tick=  30 spread= 5.0000 mean_surface_row= 13.366 wetted_columns= 41
diag_task55_draining_lake_flatness: w=  64 multiplicative(gated)  adaptive(shipped)    tick=  50 spread= 6.0000 mean_surface_row= 15.244 wetted_columns= 41
diag_task55_draining_lake_flatness: w=  64 multiplicative(gated)  adaptive(shipped)    tick=  75 spread=16.0000 mean_surface_row= 20.410 wetted_columns= 39
diag_task55_draining_lake_flatness: w=  64 multiplicative(gated)  adaptive(shipped)    tick= 100 spread=10.0000 mean_surface_row= 24.939 wetted_columns= 33
diag_task55_draining_lake_flatness: w=  64 multiplicative(gated)  adaptive(shipped)    tick= 150 spread= 2.0000 mean_surface_row= 30.000 wetted_columns=  5
diag_task55_draining_lake_flatness: w=  64 multiplicative(gated)  adaptive(shipped)    tick= 200 spread= 0.0000 mean_surface_row= 32.000 wetted_columns=  0
diag_task55_draining_lake_flatness: w=  64 multiplicative(gated)  adaptive(shipped)    tick= 300 spread= 0.0000 mean_surface_row= 32.000 wetted_columns=  0
diag_task55_draining_lake_flatness: w=  64 multiplicative(gated)  adaptive(shipped)    tick= 400 spread= 0.0000 mean_surface_row= 32.000 wetted_columns=  0
diag_task55_draining_lake_flatness: w=  64 multiplicative(gated)  adaptive(shipped)    peak_spread=18.0000 at tick=71 run_ticks_budget=400
diag_task55_draining_lake_flatness: w=  64 --- multiplicative(gated) / perfect_sim ---
diag_task55_draining_lake_flatness: w=  64 multiplicative(gated)  perfect_sim          tick=   0 spread= 0.0000 mean_surface_row= 12.000 wetted_columns= 41
diag_task55_draining_lake_flatness: w=  64 multiplicative(gated)  perfect_sim          tick=   1 spread= 0.0000 mean_surface_row= 12.000 wetted_columns= 41
diag_task55_draining_lake_flatness: w=  64 multiplicative(gated)  perfect_sim          tick=   2 spread= 0.0000 mean_surface_row= 12.000 wetted_columns= 41
diag_task55_draining_lake_flatness: w=  64 multiplicative(gated)  perfect_sim          tick=   3 spread= 0.0000 mean_surface_row= 12.000 wetted_columns= 41
diag_task55_draining_lake_flatness: w=  64 multiplicative(gated)  perfect_sim          tick=   4 spread= 0.0000 mean_surface_row= 12.000 wetted_columns= 41
diag_task55_draining_lake_flatness: w=  64 multiplicative(gated)  perfect_sim          tick=   5 spread= 0.0000 mean_surface_row= 12.000 wetted_columns= 41
diag_task55_draining_lake_flatness: w=  64 multiplicative(gated)  perfect_sim          tick=   6 spread= 0.0000 mean_surface_row= 12.000 wetted_columns= 41
diag_task55_draining_lake_flatness: w=  64 multiplicative(gated)  perfect_sim          tick=   7 spread= 0.0000 mean_surface_row= 12.000 wetted_columns= 41
diag_task55_draining_lake_flatness: w=  64 multiplicative(gated)  perfect_sim          tick=   8 spread= 0.0000 mean_surface_row= 12.000 wetted_columns= 41
diag_task55_draining_lake_flatness: w=  64 multiplicative(gated)  perfect_sim          tick=  10 spread= 0.0000 mean_surface_row= 12.000 wetted_columns= 41
diag_task55_draining_lake_flatness: w=  64 multiplicative(gated)  perfect_sim          tick=  15 spread= 0.0000 mean_surface_row= 12.000 wetted_columns= 41
diag_task55_draining_lake_flatness: w=  64 multiplicative(gated)  perfect_sim          tick=  20 spread= 0.0000 mean_surface_row= 12.000 wetted_columns= 41
diag_task55_draining_lake_flatness: w=  64 multiplicative(gated)  perfect_sim          tick=  30 spread= 5.0000 mean_surface_row= 13.341 wetted_columns= 41
diag_task55_draining_lake_flatness: w=  64 multiplicative(gated)  perfect_sim          tick=  50 spread= 6.0000 mean_surface_row= 15.024 wetted_columns= 41
diag_task55_draining_lake_flatness: w=  64 multiplicative(gated)  perfect_sim          tick=  75 spread= 9.0000 mean_surface_row= 20.237 wetted_columns= 38
diag_task55_draining_lake_flatness: w=  64 multiplicative(gated)  perfect_sim          tick= 100 spread=10.0000 mean_surface_row= 25.909 wetted_columns= 33
diag_task55_draining_lake_flatness: w=  64 multiplicative(gated)  perfect_sim          tick= 150 spread= 0.0000 mean_surface_row= 31.000 wetted_columns=  1
diag_task55_draining_lake_flatness: w=  64 multiplicative(gated)  perfect_sim          tick= 200 spread= 0.0000 mean_surface_row= 32.000 wetted_columns=  0
diag_task55_draining_lake_flatness: w=  64 multiplicative(gated)  perfect_sim          tick= 300 spread= 0.0000 mean_surface_row= 32.000 wetted_columns=  0
diag_task55_draining_lake_flatness: w=  64 multiplicative(gated)  perfect_sim          tick= 400 spread= 0.0000 mean_surface_row= 32.000 wetted_columns=  0
diag_task55_draining_lake_flatness: w=  64 multiplicative(gated)  perfect_sim          peak_spread=14.0000 at tick=74 run_ticks_budget=400
diag_task55_draining_lake_flatness: w= 128 h=128 block_size=4 budget_n=256 run_ticks=500 fill=[24,64) neck_width=0.15 hourglass_curve=0.6
diag_task55_draining_lake_flatness: w= 128 --- additive(shipped) / adaptive(shipped) ---
diag_task55_draining_lake_flatness: w= 128 additive(shipped)      adaptive(shipped)    tick=   0 spread= 0.0000 mean_surface_row= 24.000 wetted_columns= 83
diag_task55_draining_lake_flatness: w= 128 additive(shipped)      adaptive(shipped)    tick=   1 spread= 0.0000 mean_surface_row= 24.000 wetted_columns= 83
diag_task55_draining_lake_flatness: w= 128 additive(shipped)      adaptive(shipped)    tick=   3 spread= 0.0000 mean_surface_row= 24.000 wetted_columns= 83
diag_task55_draining_lake_flatness: w= 128 additive(shipped)      adaptive(shipped)    tick=   4 spread= 0.0000 mean_surface_row= 24.000 wetted_columns= 83
diag_task55_draining_lake_flatness: w= 128 additive(shipped)      adaptive(shipped)    tick=   5 spread= 0.0000 mean_surface_row= 24.000 wetted_columns= 83
diag_task55_draining_lake_flatness: w= 128 additive(shipped)      adaptive(shipped)    tick=   6 spread= 0.0000 mean_surface_row= 24.000 wetted_columns= 83
diag_task55_draining_lake_flatness: w= 128 additive(shipped)      adaptive(shipped)    tick=   8 spread= 0.0000 mean_surface_row= 24.000 wetted_columns= 83
diag_task55_draining_lake_flatness: w= 128 additive(shipped)      adaptive(shipped)    tick=   9 spread= 0.0000 mean_surface_row= 24.000 wetted_columns= 83
diag_task55_draining_lake_flatness: w= 128 additive(shipped)      adaptive(shipped)    tick=  10 spread= 0.0000 mean_surface_row= 24.000 wetted_columns= 83
diag_task55_draining_lake_flatness: w= 128 additive(shipped)      adaptive(shipped)    tick=  13 spread= 0.0000 mean_surface_row= 24.000 wetted_columns= 83
diag_task55_draining_lake_flatness: w= 128 additive(shipped)      adaptive(shipped)    tick=  19 spread= 0.0000 mean_surface_row= 24.000 wetted_columns= 83
diag_task55_draining_lake_flatness: w= 128 additive(shipped)      adaptive(shipped)    tick=  25 spread= 0.0000 mean_surface_row= 24.000 wetted_columns= 83
diag_task55_draining_lake_flatness: w= 128 additive(shipped)      adaptive(shipped)    tick=  38 spread= 0.0000 mean_surface_row= 24.000 wetted_columns= 83
diag_task55_draining_lake_flatness: w= 128 additive(shipped)      adaptive(shipped)    tick=  63 spread= 6.0000 mean_surface_row= 26.735 wetted_columns= 83
diag_task55_draining_lake_flatness: w= 128 additive(shipped)      adaptive(shipped)    tick=  94 spread=24.0000 mean_surface_row= 33.812 wetted_columns= 80
diag_task55_draining_lake_flatness: w= 128 additive(shipped)      adaptive(shipped)    tick= 125 spread=36.0000 mean_surface_row= 38.771 wetted_columns= 70
diag_task55_draining_lake_flatness: w= 128 additive(shipped)      adaptive(shipped)    tick= 188 spread=30.0000 mean_surface_row= 46.020 wetted_columns= 51
diag_task55_draining_lake_flatness: w= 128 additive(shipped)      adaptive(shipped)    tick= 250 spread=18.0000 mean_surface_row= 53.625 wetted_columns= 32
diag_task55_draining_lake_flatness: w= 128 additive(shipped)      adaptive(shipped)    tick= 375 spread= 0.0000 mean_surface_row= 64.000 wetted_columns=  0
diag_task55_draining_lake_flatness: w= 128 additive(shipped)      adaptive(shipped)    tick= 500 spread= 0.0000 mean_surface_row= 64.000 wetted_columns=  0
diag_task55_draining_lake_flatness: w= 128 additive(shipped)      adaptive(shipped)    peak_spread=37.0000 at tick=110 run_ticks_budget=500
diag_task55_draining_lake_flatness: w= 128 --- additive(shipped) / perfect_sim ---
diag_task55_draining_lake_flatness: w= 128 additive(shipped)      perfect_sim          tick=   0 spread= 0.0000 mean_surface_row= 24.000 wetted_columns= 83
diag_task55_draining_lake_flatness: w= 128 additive(shipped)      perfect_sim          tick=   1 spread= 0.0000 mean_surface_row= 24.000 wetted_columns= 83
diag_task55_draining_lake_flatness: w= 128 additive(shipped)      perfect_sim          tick=   3 spread= 0.0000 mean_surface_row= 24.000 wetted_columns= 83
diag_task55_draining_lake_flatness: w= 128 additive(shipped)      perfect_sim          tick=   4 spread= 0.0000 mean_surface_row= 24.000 wetted_columns= 83
diag_task55_draining_lake_flatness: w= 128 additive(shipped)      perfect_sim          tick=   5 spread= 0.0000 mean_surface_row= 24.000 wetted_columns= 83
diag_task55_draining_lake_flatness: w= 128 additive(shipped)      perfect_sim          tick=   6 spread= 0.0000 mean_surface_row= 24.000 wetted_columns= 83
diag_task55_draining_lake_flatness: w= 128 additive(shipped)      perfect_sim          tick=   8 spread= 0.0000 mean_surface_row= 24.000 wetted_columns= 83
diag_task55_draining_lake_flatness: w= 128 additive(shipped)      perfect_sim          tick=   9 spread= 0.0000 mean_surface_row= 24.000 wetted_columns= 83
diag_task55_draining_lake_flatness: w= 128 additive(shipped)      perfect_sim          tick=  10 spread= 0.0000 mean_surface_row= 24.000 wetted_columns= 83
diag_task55_draining_lake_flatness: w= 128 additive(shipped)      perfect_sim          tick=  13 spread= 0.0000 mean_surface_row= 24.000 wetted_columns= 83
diag_task55_draining_lake_flatness: w= 128 additive(shipped)      perfect_sim          tick=  19 spread= 0.0000 mean_surface_row= 24.000 wetted_columns= 83
diag_task55_draining_lake_flatness: w= 128 additive(shipped)      perfect_sim          tick=  25 spread= 0.0000 mean_surface_row= 24.000 wetted_columns= 83
diag_task55_draining_lake_flatness: w= 128 additive(shipped)      perfect_sim          tick=  38 spread= 0.0000 mean_surface_row= 24.000 wetted_columns= 83
diag_task55_draining_lake_flatness: w= 128 additive(shipped)      perfect_sim          tick=  63 spread= 6.0000 mean_surface_row= 26.735 wetted_columns= 83
diag_task55_draining_lake_flatness: w= 128 additive(shipped)      perfect_sim          tick=  94 spread=24.0000 mean_surface_row= 33.675 wetted_columns= 80
diag_task55_draining_lake_flatness: w= 128 additive(shipped)      perfect_sim          tick= 125 spread=36.0000 mean_surface_row= 38.750 wetted_columns= 68
diag_task55_draining_lake_flatness: w= 128 additive(shipped)      perfect_sim          tick= 188 spread=28.0000 mean_surface_row= 45.204 wetted_columns= 49
diag_task55_draining_lake_flatness: w= 128 additive(shipped)      perfect_sim          tick= 250 spread=17.0000 mean_surface_row= 53.267 wetted_columns= 30
diag_task55_draining_lake_flatness: w= 128 additive(shipped)      perfect_sim          tick= 375 spread= 0.0000 mean_surface_row= 64.000 wetted_columns=  0
diag_task55_draining_lake_flatness: w= 128 additive(shipped)      perfect_sim          tick= 500 spread= 0.0000 mean_surface_row= 64.000 wetted_columns=  0
diag_task55_draining_lake_flatness: w= 128 additive(shipped)      perfect_sim          peak_spread=37.0000 at tick=109 run_ticks_budget=500
diag_task55_draining_lake_flatness: w= 128 --- multiplicative(gated) / adaptive(shipped) ---
diag_task55_draining_lake_flatness: w= 128 multiplicative(gated)  adaptive(shipped)    tick=   0 spread= 0.0000 mean_surface_row= 24.000 wetted_columns= 83
diag_task55_draining_lake_flatness: w= 128 multiplicative(gated)  adaptive(shipped)    tick=   1 spread= 0.0000 mean_surface_row= 24.000 wetted_columns= 83
diag_task55_draining_lake_flatness: w= 128 multiplicative(gated)  adaptive(shipped)    tick=   3 spread= 0.0000 mean_surface_row= 24.000 wetted_columns= 83
diag_task55_draining_lake_flatness: w= 128 multiplicative(gated)  adaptive(shipped)    tick=   4 spread= 0.0000 mean_surface_row= 24.000 wetted_columns= 83
diag_task55_draining_lake_flatness: w= 128 multiplicative(gated)  adaptive(shipped)    tick=   5 spread= 0.0000 mean_surface_row= 24.000 wetted_columns= 83
diag_task55_draining_lake_flatness: w= 128 multiplicative(gated)  adaptive(shipped)    tick=   6 spread= 0.0000 mean_surface_row= 24.000 wetted_columns= 83
diag_task55_draining_lake_flatness: w= 128 multiplicative(gated)  adaptive(shipped)    tick=   8 spread= 0.0000 mean_surface_row= 24.000 wetted_columns= 83
diag_task55_draining_lake_flatness: w= 128 multiplicative(gated)  adaptive(shipped)    tick=   9 spread= 0.0000 mean_surface_row= 24.000 wetted_columns= 83
diag_task55_draining_lake_flatness: w= 128 multiplicative(gated)  adaptive(shipped)    tick=  10 spread= 0.0000 mean_surface_row= 24.000 wetted_columns= 83
diag_task55_draining_lake_flatness: w= 128 multiplicative(gated)  adaptive(shipped)    tick=  13 spread= 0.0000 mean_surface_row= 24.000 wetted_columns= 83
diag_task55_draining_lake_flatness: w= 128 multiplicative(gated)  adaptive(shipped)    tick=  19 spread= 0.0000 mean_surface_row= 24.000 wetted_columns= 83
diag_task55_draining_lake_flatness: w= 128 multiplicative(gated)  adaptive(shipped)    tick=  25 spread= 0.0000 mean_surface_row= 24.000 wetted_columns= 83
diag_task55_draining_lake_flatness: w= 128 multiplicative(gated)  adaptive(shipped)    tick=  38 spread= 0.0000 mean_surface_row= 24.000 wetted_columns= 83
diag_task55_draining_lake_flatness: w= 128 multiplicative(gated)  adaptive(shipped)    tick=  63 spread=13.0000 mean_surface_row= 26.193 wetted_columns= 83
diag_task55_draining_lake_flatness: w= 128 multiplicative(gated)  adaptive(shipped)    tick=  94 spread=18.0000 mean_surface_row= 31.085 wetted_columns= 82
diag_task55_draining_lake_flatness: w= 128 multiplicative(gated)  adaptive(shipped)    tick= 125 spread=38.0000 mean_surface_row= 38.407 wetted_columns= 81
diag_task55_draining_lake_flatness: w= 128 multiplicative(gated)  adaptive(shipped)    tick= 188 spread=28.0000 mean_surface_row= 48.686 wetted_columns= 70
diag_task55_draining_lake_flatness: w= 128 multiplicative(gated)  adaptive(shipped)    tick= 250 spread=18.0000 mean_surface_row= 53.097 wetted_columns= 31
diag_task55_draining_lake_flatness: w= 128 multiplicative(gated)  adaptive(shipped)    tick= 375 spread= 0.0000 mean_surface_row= 64.000 wetted_columns=  0
diag_task55_draining_lake_flatness: w= 128 multiplicative(gated)  adaptive(shipped)    tick= 500 spread= 0.0000 mean_surface_row= 64.000 wetted_columns=  0
diag_task55_draining_lake_flatness: w= 128 multiplicative(gated)  adaptive(shipped)    peak_spread=39.0000 at tick=117 run_ticks_budget=500
diag_task55_draining_lake_flatness: w= 128 --- multiplicative(gated) / perfect_sim ---
diag_task55_draining_lake_flatness: w= 128 multiplicative(gated)  perfect_sim          tick=   0 spread= 0.0000 mean_surface_row= 24.000 wetted_columns= 83
diag_task55_draining_lake_flatness: w= 128 multiplicative(gated)  perfect_sim          tick=   1 spread= 0.0000 mean_surface_row= 24.000 wetted_columns= 83
diag_task55_draining_lake_flatness: w= 128 multiplicative(gated)  perfect_sim          tick=   3 spread= 0.0000 mean_surface_row= 24.000 wetted_columns= 83
diag_task55_draining_lake_flatness: w= 128 multiplicative(gated)  perfect_sim          tick=   4 spread= 0.0000 mean_surface_row= 24.000 wetted_columns= 83
diag_task55_draining_lake_flatness: w= 128 multiplicative(gated)  perfect_sim          tick=   5 spread= 0.0000 mean_surface_row= 24.000 wetted_columns= 83
diag_task55_draining_lake_flatness: w= 128 multiplicative(gated)  perfect_sim          tick=   6 spread= 0.0000 mean_surface_row= 24.000 wetted_columns= 83
diag_task55_draining_lake_flatness: w= 128 multiplicative(gated)  perfect_sim          tick=   8 spread= 0.0000 mean_surface_row= 24.000 wetted_columns= 83
diag_task55_draining_lake_flatness: w= 128 multiplicative(gated)  perfect_sim          tick=   9 spread= 0.0000 mean_surface_row= 24.000 wetted_columns= 83
diag_task55_draining_lake_flatness: w= 128 multiplicative(gated)  perfect_sim          tick=  10 spread= 0.0000 mean_surface_row= 24.000 wetted_columns= 83
diag_task55_draining_lake_flatness: w= 128 multiplicative(gated)  perfect_sim          tick=  13 spread= 0.0000 mean_surface_row= 24.000 wetted_columns= 83
diag_task55_draining_lake_flatness: w= 128 multiplicative(gated)  perfect_sim          tick=  19 spread= 0.0000 mean_surface_row= 24.000 wetted_columns= 83
diag_task55_draining_lake_flatness: w= 128 multiplicative(gated)  perfect_sim          tick=  25 spread= 0.0000 mean_surface_row= 24.000 wetted_columns= 83
diag_task55_draining_lake_flatness: w= 128 multiplicative(gated)  perfect_sim          tick=  38 spread= 0.0000 mean_surface_row= 24.000 wetted_columns= 83
diag_task55_draining_lake_flatness: w= 128 multiplicative(gated)  perfect_sim          tick=  63 spread=13.0000 mean_surface_row= 26.096 wetted_columns= 83
diag_task55_draining_lake_flatness: w= 128 multiplicative(gated)  perfect_sim          tick=  94 spread=17.0000 mean_surface_row= 31.346 wetted_columns= 81
diag_task55_draining_lake_flatness: w= 128 multiplicative(gated)  perfect_sim          tick= 125 spread=36.0000 mean_surface_row= 38.712 wetted_columns= 80
diag_task55_draining_lake_flatness: w= 128 multiplicative(gated)  perfect_sim          tick= 188 spread=28.0000 mean_surface_row= 46.967 wetted_columns= 61
diag_task55_draining_lake_flatness: w= 128 multiplicative(gated)  perfect_sim          tick= 250 spread=18.0000 mean_surface_row= 52.933 wetted_columns= 30
diag_task55_draining_lake_flatness: w= 128 multiplicative(gated)  perfect_sim          tick= 375 spread= 0.0000 mean_surface_row= 64.000 wetted_columns=  0
diag_task55_draining_lake_flatness: w= 128 multiplicative(gated)  perfect_sim          tick= 500 spread= 0.0000 mean_surface_row= 64.000 wetted_columns=  0
diag_task55_draining_lake_flatness: w= 128 multiplicative(gated)  perfect_sim          peak_spread=37.0000 at tick=116 run_ticks_budget=500
diag_task55_draining_lake_flatness: w= 256 h=256 block_size=8 budget_n=256 run_ticks=700 fill=[48,128) neck_width=0.15 hourglass_curve=0.6
diag_task55_draining_lake_flatness: w= 256 --- additive(shipped) / adaptive(shipped) ---
diag_task55_draining_lake_flatness: w= 256 additive(shipped)      adaptive(shipped)    tick=   0 spread= 0.0000 mean_surface_row= 48.000 wetted_columns=165
diag_task55_draining_lake_flatness: w= 256 additive(shipped)      adaptive(shipped)    tick=   2 spread= 0.0000 mean_surface_row= 48.000 wetted_columns=165
diag_task55_draining_lake_flatness: w= 256 additive(shipped)      adaptive(shipped)    tick=   4 spread= 0.0000 mean_surface_row= 48.000 wetted_columns=165
diag_task55_draining_lake_flatness: w= 256 additive(shipped)      adaptive(shipped)    tick=   5 spread= 0.0000 mean_surface_row= 48.000 wetted_columns=165
diag_task55_draining_lake_flatness: w= 256 additive(shipped)      adaptive(shipped)    tick=   7 spread= 0.0000 mean_surface_row= 48.000 wetted_columns=165
diag_task55_draining_lake_flatness: w= 256 additive(shipped)      adaptive(shipped)    tick=   9 spread= 0.0000 mean_surface_row= 48.000 wetted_columns=165
diag_task55_draining_lake_flatness: w= 256 additive(shipped)      adaptive(shipped)    tick=  11 spread= 0.0000 mean_surface_row= 48.000 wetted_columns=165
diag_task55_draining_lake_flatness: w= 256 additive(shipped)      adaptive(shipped)    tick=  12 spread= 0.0000 mean_surface_row= 48.000 wetted_columns=165
diag_task55_draining_lake_flatness: w= 256 additive(shipped)      adaptive(shipped)    tick=  14 spread= 0.0000 mean_surface_row= 48.000 wetted_columns=165
diag_task55_draining_lake_flatness: w= 256 additive(shipped)      adaptive(shipped)    tick=  18 spread= 0.0000 mean_surface_row= 48.000 wetted_columns=165
diag_task55_draining_lake_flatness: w= 256 additive(shipped)      adaptive(shipped)    tick=  26 spread= 0.0000 mean_surface_row= 48.000 wetted_columns=165
diag_task55_draining_lake_flatness: w= 256 additive(shipped)      adaptive(shipped)    tick=  35 spread= 0.0000 mean_surface_row= 48.000 wetted_columns=165
diag_task55_draining_lake_flatness: w= 256 additive(shipped)      adaptive(shipped)    tick=  53 spread= 0.0000 mean_surface_row= 48.000 wetted_columns=165
diag_task55_draining_lake_flatness: w= 256 additive(shipped)      adaptive(shipped)    tick=  88 spread= 2.0000 mean_surface_row= 48.697 wetted_columns=165
diag_task55_draining_lake_flatness: w= 256 additive(shipped)      adaptive(shipped)    tick= 131 spread=12.0000 mean_surface_row= 53.963 wetted_columns=164
diag_task55_draining_lake_flatness: w= 256 additive(shipped)      adaptive(shipped)    tick= 175 spread=47.0000 mean_surface_row= 64.785 wetted_columns=163
diag_task55_draining_lake_flatness: w= 256 additive(shipped)      adaptive(shipped)    tick= 263 spread=76.0000 mean_surface_row= 75.276 wetted_columns=127
diag_task55_draining_lake_flatness: w= 256 additive(shipped)      adaptive(shipped)    tick= 350 spread=71.0000 mean_surface_row= 79.543 wetted_columns=105
diag_task55_draining_lake_flatness: w= 256 additive(shipped)      adaptive(shipped)    tick= 525 spread=59.0000 mean_surface_row= 93.354 wetted_columns= 82
diag_task55_draining_lake_flatness: w= 256 additive(shipped)      adaptive(shipped)    tick= 700 spread=36.0000 mean_surface_row=107.889 wetted_columns= 54
diag_task55_draining_lake_flatness: w= 256 additive(shipped)      adaptive(shipped)    peak_spread=78.0000 at tick=210 run_ticks_budget=700
diag_task55_draining_lake_flatness: w= 256 --- additive(shipped) / perfect_sim ---
diag_task55_draining_lake_flatness: w= 256 additive(shipped)      perfect_sim          tick=   0 spread= 0.0000 mean_surface_row= 48.000 wetted_columns=165
diag_task55_draining_lake_flatness: w= 256 additive(shipped)      perfect_sim          tick=   2 spread= 0.0000 mean_surface_row= 48.000 wetted_columns=165
diag_task55_draining_lake_flatness: w= 256 additive(shipped)      perfect_sim          tick=   4 spread= 0.0000 mean_surface_row= 48.000 wetted_columns=165
diag_task55_draining_lake_flatness: w= 256 additive(shipped)      perfect_sim          tick=   5 spread= 0.0000 mean_surface_row= 48.000 wetted_columns=165
diag_task55_draining_lake_flatness: w= 256 additive(shipped)      perfect_sim          tick=   7 spread= 0.0000 mean_surface_row= 48.000 wetted_columns=165
diag_task55_draining_lake_flatness: w= 256 additive(shipped)      perfect_sim          tick=   9 spread= 0.0000 mean_surface_row= 48.000 wetted_columns=165
diag_task55_draining_lake_flatness: w= 256 additive(shipped)      perfect_sim          tick=  11 spread= 0.0000 mean_surface_row= 48.000 wetted_columns=165
diag_task55_draining_lake_flatness: w= 256 additive(shipped)      perfect_sim          tick=  12 spread= 0.0000 mean_surface_row= 48.000 wetted_columns=165
diag_task55_draining_lake_flatness: w= 256 additive(shipped)      perfect_sim          tick=  14 spread= 0.0000 mean_surface_row= 48.000 wetted_columns=165
diag_task55_draining_lake_flatness: w= 256 additive(shipped)      perfect_sim          tick=  18 spread= 0.0000 mean_surface_row= 48.000 wetted_columns=165
diag_task55_draining_lake_flatness: w= 256 additive(shipped)      perfect_sim          tick=  26 spread= 0.0000 mean_surface_row= 48.000 wetted_columns=165
diag_task55_draining_lake_flatness: w= 256 additive(shipped)      perfect_sim          tick=  35 spread= 0.0000 mean_surface_row= 48.000 wetted_columns=165
diag_task55_draining_lake_flatness: w= 256 additive(shipped)      perfect_sim          tick=  53 spread= 0.0000 mean_surface_row= 48.000 wetted_columns=165
diag_task55_draining_lake_flatness: w= 256 additive(shipped)      perfect_sim          tick=  88 spread= 2.0000 mean_surface_row= 48.697 wetted_columns=165
diag_task55_draining_lake_flatness: w= 256 additive(shipped)      perfect_sim          tick= 131 spread=12.0000 mean_surface_row= 53.963 wetted_columns=164
diag_task55_draining_lake_flatness: w= 256 additive(shipped)      perfect_sim          tick= 175 spread=47.0000 mean_surface_row= 64.908 wetted_columns=163
diag_task55_draining_lake_flatness: w= 256 additive(shipped)      perfect_sim          tick= 263 spread=76.0000 mean_surface_row= 74.228 wetted_columns=123
diag_task55_draining_lake_flatness: w= 256 additive(shipped)      perfect_sim          tick= 350 spread=73.0000 mean_surface_row= 81.734 wetted_columns=109
diag_task55_draining_lake_flatness: w= 256 additive(shipped)      perfect_sim          tick= 525 spread=55.0000 mean_surface_row= 93.148 wetted_columns= 81
diag_task55_draining_lake_flatness: w= 256 additive(shipped)      perfect_sim          tick= 700 spread=38.0000 mean_surface_row=107.636 wetted_columns= 55
diag_task55_draining_lake_flatness: w= 256 additive(shipped)      perfect_sim          peak_spread=78.0000 at tick=207 run_ticks_budget=700
diag_task55_draining_lake_flatness: w= 256 --- multiplicative(gated) / adaptive(shipped) ---
diag_task55_draining_lake_flatness: w= 256 multiplicative(gated)  adaptive(shipped)    tick=   0 spread= 0.0000 mean_surface_row= 48.000 wetted_columns=165
diag_task55_draining_lake_flatness: w= 256 multiplicative(gated)  adaptive(shipped)    tick=   2 spread= 0.0000 mean_surface_row= 48.000 wetted_columns=165
diag_task55_draining_lake_flatness: w= 256 multiplicative(gated)  adaptive(shipped)    tick=   4 spread= 0.0000 mean_surface_row= 48.000 wetted_columns=165
diag_task55_draining_lake_flatness: w= 256 multiplicative(gated)  adaptive(shipped)    tick=   5 spread= 0.0000 mean_surface_row= 48.000 wetted_columns=165
diag_task55_draining_lake_flatness: w= 256 multiplicative(gated)  adaptive(shipped)    tick=   7 spread= 0.0000 mean_surface_row= 48.000 wetted_columns=165
diag_task55_draining_lake_flatness: w= 256 multiplicative(gated)  adaptive(shipped)    tick=   9 spread= 0.0000 mean_surface_row= 48.000 wetted_columns=165
diag_task55_draining_lake_flatness: w= 256 multiplicative(gated)  adaptive(shipped)    tick=  11 spread= 0.0000 mean_surface_row= 48.000 wetted_columns=165
diag_task55_draining_lake_flatness: w= 256 multiplicative(gated)  adaptive(shipped)    tick=  12 spread= 0.0000 mean_surface_row= 48.000 wetted_columns=165
diag_task55_draining_lake_flatness: w= 256 multiplicative(gated)  adaptive(shipped)    tick=  14 spread= 0.0000 mean_surface_row= 48.000 wetted_columns=165
diag_task55_draining_lake_flatness: w= 256 multiplicative(gated)  adaptive(shipped)    tick=  18 spread= 0.0000 mean_surface_row= 48.000 wetted_columns=165
diag_task55_draining_lake_flatness: w= 256 multiplicative(gated)  adaptive(shipped)    tick=  26 spread= 0.0000 mean_surface_row= 48.000 wetted_columns=165
diag_task55_draining_lake_flatness: w= 256 multiplicative(gated)  adaptive(shipped)    tick=  35 spread= 0.0000 mean_surface_row= 48.000 wetted_columns=165
diag_task55_draining_lake_flatness: w= 256 multiplicative(gated)  adaptive(shipped)    tick=  53 spread= 0.0000 mean_surface_row= 48.000 wetted_columns=165
diag_task55_draining_lake_flatness: w= 256 multiplicative(gated)  adaptive(shipped)    tick=  88 spread= 3.0000 mean_surface_row= 48.745 wetted_columns=165
diag_task55_draining_lake_flatness: w= 256 multiplicative(gated)  adaptive(shipped)    tick= 131 spread=12.0000 mean_surface_row= 53.848 wetted_columns=165
diag_task55_draining_lake_flatness: w= 256 multiplicative(gated)  adaptive(shipped)    tick= 175 spread=48.0000 mean_surface_row= 64.140 wetted_columns=164
diag_task55_draining_lake_flatness: w= 256 multiplicative(gated)  adaptive(shipped)    tick= 263 spread=74.0000 mean_surface_row= 73.398 wetted_columns=128
diag_task55_draining_lake_flatness: w= 256 multiplicative(gated)  adaptive(shipped)    tick= 350 spread=67.0000 mean_surface_row= 80.161 wetted_columns=112
diag_task55_draining_lake_flatness: w= 256 multiplicative(gated)  adaptive(shipped)    tick= 525 spread=40.0000 mean_surface_row= 95.342 wetted_columns= 79
diag_task55_draining_lake_flatness: w= 256 multiplicative(gated)  adaptive(shipped)    tick= 700 spread=18.0000 mean_surface_row=113.469 wetted_columns= 49
diag_task55_draining_lake_flatness: w= 256 multiplicative(gated)  adaptive(shipped)    peak_spread=77.0000 at tick=205 run_ticks_budget=700
diag_task55_draining_lake_flatness: w= 256 --- multiplicative(gated) / perfect_sim ---
diag_task55_draining_lake_flatness: w= 256 multiplicative(gated)  perfect_sim          tick=   0 spread= 0.0000 mean_surface_row= 48.000 wetted_columns=165
diag_task55_draining_lake_flatness: w= 256 multiplicative(gated)  perfect_sim          tick=   2 spread= 0.0000 mean_surface_row= 48.000 wetted_columns=165
diag_task55_draining_lake_flatness: w= 256 multiplicative(gated)  perfect_sim          tick=   4 spread= 0.0000 mean_surface_row= 48.000 wetted_columns=165
diag_task55_draining_lake_flatness: w= 256 multiplicative(gated)  perfect_sim          tick=   5 spread= 0.0000 mean_surface_row= 48.000 wetted_columns=165
diag_task55_draining_lake_flatness: w= 256 multiplicative(gated)  perfect_sim          tick=   7 spread= 0.0000 mean_surface_row= 48.000 wetted_columns=165
diag_task55_draining_lake_flatness: w= 256 multiplicative(gated)  perfect_sim          tick=   9 spread= 0.0000 mean_surface_row= 48.000 wetted_columns=165
diag_task55_draining_lake_flatness: w= 256 multiplicative(gated)  perfect_sim          tick=  11 spread= 0.0000 mean_surface_row= 48.000 wetted_columns=165
diag_task55_draining_lake_flatness: w= 256 multiplicative(gated)  perfect_sim          tick=  12 spread= 0.0000 mean_surface_row= 48.000 wetted_columns=165
diag_task55_draining_lake_flatness: w= 256 multiplicative(gated)  perfect_sim          tick=  14 spread= 0.0000 mean_surface_row= 48.000 wetted_columns=165
diag_task55_draining_lake_flatness: w= 256 multiplicative(gated)  perfect_sim          tick=  18 spread= 0.0000 mean_surface_row= 48.000 wetted_columns=165
diag_task55_draining_lake_flatness: w= 256 multiplicative(gated)  perfect_sim          tick=  26 spread= 0.0000 mean_surface_row= 48.000 wetted_columns=165
diag_task55_draining_lake_flatness: w= 256 multiplicative(gated)  perfect_sim          tick=  35 spread= 0.0000 mean_surface_row= 48.000 wetted_columns=165
diag_task55_draining_lake_flatness: w= 256 multiplicative(gated)  perfect_sim          tick=  53 spread= 0.0000 mean_surface_row= 48.000 wetted_columns=165
diag_task55_draining_lake_flatness: w= 256 multiplicative(gated)  perfect_sim          tick=  88 spread= 3.0000 mean_surface_row= 48.745 wetted_columns=165
diag_task55_draining_lake_flatness: w= 256 multiplicative(gated)  perfect_sim          tick= 131 spread=12.0000 mean_surface_row= 53.824 wetted_columns=165
diag_task55_draining_lake_flatness: w= 256 multiplicative(gated)  perfect_sim          tick= 175 spread=48.0000 mean_surface_row= 63.695 wetted_columns=164
diag_task55_draining_lake_flatness: w= 256 multiplicative(gated)  perfect_sim          tick= 263 spread=74.0000 mean_surface_row= 74.754 wetted_columns=130
diag_task55_draining_lake_flatness: w= 256 multiplicative(gated)  perfect_sim          tick= 350 spread=66.0000 mean_surface_row= 80.654 wetted_columns=107
diag_task55_draining_lake_flatness: w= 256 multiplicative(gated)  perfect_sim          tick= 525 spread=44.0000 mean_surface_row= 94.901 wetted_columns= 81
diag_task55_draining_lake_flatness: w= 256 multiplicative(gated)  perfect_sim          tick= 700 spread=21.0000 mean_surface_row=112.745 wetted_columns= 51
diag_task55_draining_lake_flatness: w= 256 multiplicative(gated)  perfect_sim          peak_spread=77.0000 at tick=205 run_ticks_budget=700
diag_task55_draining_lake_flatness: w= 512 h=512 block_size=16 budget_n=256 run_ticks=1300 fill=[96,256) neck_width=0.15 hourglass_curve=0.6
diag_task55_draining_lake_flatness: w= 512 --- additive(shipped) / adaptive(shipped) ---
diag_task55_draining_lake_flatness: w= 512 additive(shipped)      adaptive(shipped)    tick=   0 spread= 0.0000 mean_surface_row= 96.000 wetted_columns=331
diag_task55_draining_lake_flatness: w= 512 additive(shipped)      adaptive(shipped)    tick=   3 spread= 0.0000 mean_surface_row= 96.000 wetted_columns=331
diag_task55_draining_lake_flatness: w= 512 additive(shipped)      adaptive(shipped)    tick=   7 spread= 0.0000 mean_surface_row= 96.000 wetted_columns=331
diag_task55_draining_lake_flatness: w= 512 additive(shipped)      adaptive(shipped)    tick=  10 spread= 0.0000 mean_surface_row= 96.000 wetted_columns=331
diag_task55_draining_lake_flatness: w= 512 additive(shipped)      adaptive(shipped)    tick=  13 spread= 0.0000 mean_surface_row= 96.000 wetted_columns=331
diag_task55_draining_lake_flatness: w= 512 additive(shipped)      adaptive(shipped)    tick=  16 spread= 0.0000 mean_surface_row= 96.000 wetted_columns=331
diag_task55_draining_lake_flatness: w= 512 additive(shipped)      adaptive(shipped)    tick=  20 spread= 0.0000 mean_surface_row= 96.000 wetted_columns=331
diag_task55_draining_lake_flatness: w= 512 additive(shipped)      adaptive(shipped)    tick=  23 spread= 0.0000 mean_surface_row= 96.000 wetted_columns=331
diag_task55_draining_lake_flatness: w= 512 additive(shipped)      adaptive(shipped)    tick=  26 spread= 0.0000 mean_surface_row= 96.000 wetted_columns=331
diag_task55_draining_lake_flatness: w= 512 additive(shipped)      adaptive(shipped)    tick=  33 spread= 0.0000 mean_surface_row= 96.000 wetted_columns=331
diag_task55_draining_lake_flatness: w= 512 additive(shipped)      adaptive(shipped)    tick=  49 spread= 0.0000 mean_surface_row= 96.000 wetted_columns=331
diag_task55_draining_lake_flatness: w= 512 additive(shipped)      adaptive(shipped)    tick=  65 spread= 0.0000 mean_surface_row= 96.000 wetted_columns=331
diag_task55_draining_lake_flatness: w= 512 additive(shipped)      adaptive(shipped)    tick=  98 spread= 0.0000 mean_surface_row= 96.000 wetted_columns=331
diag_task55_draining_lake_flatness: w= 512 additive(shipped)      adaptive(shipped)    tick= 163 spread= 1.0000 mean_surface_row= 96.233 wetted_columns=331
diag_task55_draining_lake_flatness: w= 512 additive(shipped)      adaptive(shipped)    tick= 244 spread=20.0000 mean_surface_row=105.266 wetted_columns=331
diag_task55_draining_lake_flatness: w= 512 additive(shipped)      adaptive(shipped)    tick= 325 spread=79.0000 mean_surface_row=124.571 wetted_columns=329
diag_task55_draining_lake_flatness: w= 512 additive(shipped)      adaptive(shipped)    tick= 488 spread=158.0000 mean_surface_row=140.446 wetted_columns=251
diag_task55_draining_lake_flatness: w= 512 additive(shipped)      adaptive(shipped)    tick= 650 spread=154.0000 mean_surface_row=148.753 wetted_columns=219
diag_task55_draining_lake_flatness: w= 512 additive(shipped)      adaptive(shipped)    tick= 975 spread=147.0000 mean_surface_row=163.840 wetted_columns=187
diag_task55_draining_lake_flatness: w= 512 additive(shipped)      adaptive(shipped)    tick=1300 spread=135.0000 mean_surface_row=178.742 wetted_columns=163
diag_task55_draining_lake_flatness: w= 512 additive(shipped)      adaptive(shipped)    peak_spread=159.0000 at tick=406 run_ticks_budget=1300
diag_task55_draining_lake_flatness: w= 512 --- additive(shipped) / perfect_sim ---
diag_task55_draining_lake_flatness: w= 512 additive(shipped)      perfect_sim          tick=   0 spread= 0.0000 mean_surface_row= 96.000 wetted_columns=331
diag_task55_draining_lake_flatness: w= 512 additive(shipped)      perfect_sim          tick=   3 spread= 0.0000 mean_surface_row= 96.000 wetted_columns=331
diag_task55_draining_lake_flatness: w= 512 additive(shipped)      perfect_sim          tick=   7 spread= 0.0000 mean_surface_row= 96.000 wetted_columns=331
diag_task55_draining_lake_flatness: w= 512 additive(shipped)      perfect_sim          tick=  10 spread= 0.0000 mean_surface_row= 96.000 wetted_columns=331
diag_task55_draining_lake_flatness: w= 512 additive(shipped)      perfect_sim          tick=  13 spread= 0.0000 mean_surface_row= 96.000 wetted_columns=331
diag_task55_draining_lake_flatness: w= 512 additive(shipped)      perfect_sim          tick=  16 spread= 0.0000 mean_surface_row= 96.000 wetted_columns=331
diag_task55_draining_lake_flatness: w= 512 additive(shipped)      perfect_sim          tick=  20 spread= 0.0000 mean_surface_row= 96.000 wetted_columns=331
diag_task55_draining_lake_flatness: w= 512 additive(shipped)      perfect_sim          tick=  23 spread= 0.0000 mean_surface_row= 96.000 wetted_columns=331
diag_task55_draining_lake_flatness: w= 512 additive(shipped)      perfect_sim          tick=  26 spread= 0.0000 mean_surface_row= 96.000 wetted_columns=331
diag_task55_draining_lake_flatness: w= 512 additive(shipped)      perfect_sim          tick=  33 spread= 0.0000 mean_surface_row= 96.000 wetted_columns=331
diag_task55_draining_lake_flatness: w= 512 additive(shipped)      perfect_sim          tick=  49 spread= 0.0000 mean_surface_row= 96.000 wetted_columns=331
diag_task55_draining_lake_flatness: w= 512 additive(shipped)      perfect_sim          tick=  65 spread= 0.0000 mean_surface_row= 96.000 wetted_columns=331
diag_task55_draining_lake_flatness: w= 512 additive(shipped)      perfect_sim          tick=  98 spread= 0.0000 mean_surface_row= 96.000 wetted_columns=331
test physics::tests::diag_task55_draining_lake_flatness has been running for over 60 seconds
diag_task55_draining_lake_flatness: w= 512 additive(shipped)      perfect_sim          tick= 163 spread= 1.0000 mean_surface_row= 96.233 wetted_columns=331
diag_task55_draining_lake_flatness: w= 512 additive(shipped)      perfect_sim          tick= 244 spread=20.0000 mean_surface_row=105.284 wetted_columns=331
diag_task55_draining_lake_flatness: w= 512 additive(shipped)      perfect_sim          tick= 325 spread=79.0000 mean_surface_row=124.711 wetted_columns=329
diag_task55_draining_lake_flatness: w= 512 additive(shipped)      perfect_sim          tick= 488 spread=154.0000 mean_surface_row=140.741 wetted_columns=251
diag_task55_draining_lake_flatness: w= 512 additive(shipped)      perfect_sim          tick= 650 spread=156.0000 mean_surface_row=150.450 wetted_columns=220
diag_task55_draining_lake_flatness: w= 512 additive(shipped)      perfect_sim          tick= 975 spread=146.0000 mean_surface_row=163.346 wetted_columns=185
diag_task55_draining_lake_flatness: w= 512 additive(shipped)      perfect_sim          tick=1300 spread=135.0000 mean_surface_row=179.618 wetted_columns=165
diag_task55_draining_lake_flatness: w= 512 additive(shipped)      perfect_sim          peak_spread=159.0000 at tick=405 run_ticks_budget=1300
diag_task55_draining_lake_flatness: w= 512 --- multiplicative(gated) / adaptive(shipped) ---
diag_task55_draining_lake_flatness: w= 512 multiplicative(gated)  adaptive(shipped)    tick=   0 spread= 0.0000 mean_surface_row= 96.000 wetted_columns=331
diag_task55_draining_lake_flatness: w= 512 multiplicative(gated)  adaptive(shipped)    tick=   3 spread= 0.0000 mean_surface_row= 96.000 wetted_columns=331
diag_task55_draining_lake_flatness: w= 512 multiplicative(gated)  adaptive(shipped)    tick=   7 spread= 0.0000 mean_surface_row= 96.000 wetted_columns=331
diag_task55_draining_lake_flatness: w= 512 multiplicative(gated)  adaptive(shipped)    tick=  10 spread= 0.0000 mean_surface_row= 96.000 wetted_columns=331
diag_task55_draining_lake_flatness: w= 512 multiplicative(gated)  adaptive(shipped)    tick=  13 spread= 0.0000 mean_surface_row= 96.000 wetted_columns=331
diag_task55_draining_lake_flatness: w= 512 multiplicative(gated)  adaptive(shipped)    tick=  16 spread= 0.0000 mean_surface_row= 96.000 wetted_columns=331
diag_task55_draining_lake_flatness: w= 512 multiplicative(gated)  adaptive(shipped)    tick=  20 spread= 0.0000 mean_surface_row= 96.000 wetted_columns=331
diag_task55_draining_lake_flatness: w= 512 multiplicative(gated)  adaptive(shipped)    tick=  23 spread= 0.0000 mean_surface_row= 96.000 wetted_columns=331
diag_task55_draining_lake_flatness: w= 512 multiplicative(gated)  adaptive(shipped)    tick=  26 spread= 0.0000 mean_surface_row= 96.000 wetted_columns=331
diag_task55_draining_lake_flatness: w= 512 multiplicative(gated)  adaptive(shipped)    tick=  33 spread= 0.0000 mean_surface_row= 96.000 wetted_columns=331
diag_task55_draining_lake_flatness: w= 512 multiplicative(gated)  adaptive(shipped)    tick=  49 spread= 0.0000 mean_surface_row= 96.000 wetted_columns=331
diag_task55_draining_lake_flatness: w= 512 multiplicative(gated)  adaptive(shipped)    tick=  65 spread= 0.0000 mean_surface_row= 96.000 wetted_columns=331
diag_task55_draining_lake_flatness: w= 512 multiplicative(gated)  adaptive(shipped)    tick=  98 spread= 0.0000 mean_surface_row= 96.000 wetted_columns=331
diag_task55_draining_lake_flatness: w= 512 multiplicative(gated)  adaptive(shipped)    tick= 163 spread= 1.0000 mean_surface_row= 96.208 wetted_columns=331
diag_task55_draining_lake_flatness: w= 512 multiplicative(gated)  adaptive(shipped)    tick= 244 spread=20.0000 mean_surface_row=105.121 wetted_columns=331
diag_task55_draining_lake_flatness: w= 512 multiplicative(gated)  adaptive(shipped)    tick= 325 spread=73.0000 mean_surface_row=122.864 wetted_columns=330
diag_task55_draining_lake_flatness: w= 512 multiplicative(gated)  adaptive(shipped)    tick= 488 spread=158.0000 mean_surface_row=135.385 wetted_columns=247
diag_task55_draining_lake_flatness: w= 512 multiplicative(gated)  adaptive(shipped)    tick= 650 spread=157.0000 mean_surface_row=149.261 wetted_columns=226
diag_task55_draining_lake_flatness: w= 512 multiplicative(gated)  adaptive(shipped)    tick= 975 spread=144.0000 mean_surface_row=168.521 wetted_columns=190
diag_task55_draining_lake_flatness: w= 512 multiplicative(gated)  adaptive(shipped)    tick=1300 spread=108.0000 mean_surface_row=186.226 wetted_columns=159
diag_task55_draining_lake_flatness: w= 512 multiplicative(gated)  adaptive(shipped)    peak_spread=159.0000 at tick=411 run_ticks_budget=1300
diag_task55_draining_lake_flatness: w= 512 --- multiplicative(gated) / perfect_sim ---
diag_task55_draining_lake_flatness: w= 512 multiplicative(gated)  perfect_sim          tick=   0 spread= 0.0000 mean_surface_row= 96.000 wetted_columns=331
diag_task55_draining_lake_flatness: w= 512 multiplicative(gated)  perfect_sim          tick=   3 spread= 0.0000 mean_surface_row= 96.000 wetted_columns=331
diag_task55_draining_lake_flatness: w= 512 multiplicative(gated)  perfect_sim          tick=   7 spread= 0.0000 mean_surface_row= 96.000 wetted_columns=331
diag_task55_draining_lake_flatness: w= 512 multiplicative(gated)  perfect_sim          tick=  10 spread= 0.0000 mean_surface_row= 96.000 wetted_columns=331
diag_task55_draining_lake_flatness: w= 512 multiplicative(gated)  perfect_sim          tick=  13 spread= 0.0000 mean_surface_row= 96.000 wetted_columns=331
diag_task55_draining_lake_flatness: w= 512 multiplicative(gated)  perfect_sim          tick=  16 spread= 0.0000 mean_surface_row= 96.000 wetted_columns=331
diag_task55_draining_lake_flatness: w= 512 multiplicative(gated)  perfect_sim          tick=  20 spread= 0.0000 mean_surface_row= 96.000 wetted_columns=331
diag_task55_draining_lake_flatness: w= 512 multiplicative(gated)  perfect_sim          tick=  23 spread= 0.0000 mean_surface_row= 96.000 wetted_columns=331
diag_task55_draining_lake_flatness: w= 512 multiplicative(gated)  perfect_sim          tick=  26 spread= 0.0000 mean_surface_row= 96.000 wetted_columns=331
diag_task55_draining_lake_flatness: w= 512 multiplicative(gated)  perfect_sim          tick=  33 spread= 0.0000 mean_surface_row= 96.000 wetted_columns=331
diag_task55_draining_lake_flatness: w= 512 multiplicative(gated)  perfect_sim          tick=  49 spread= 0.0000 mean_surface_row= 96.000 wetted_columns=331
diag_task55_draining_lake_flatness: w= 512 multiplicative(gated)  perfect_sim          tick=  65 spread= 0.0000 mean_surface_row= 96.000 wetted_columns=331
diag_task55_draining_lake_flatness: w= 512 multiplicative(gated)  perfect_sim          tick=  98 spread= 0.0000 mean_surface_row= 96.000 wetted_columns=331
diag_task55_draining_lake_flatness: w= 512 multiplicative(gated)  perfect_sim          tick= 163 spread= 1.0000 mean_surface_row= 96.208 wetted_columns=331
diag_task55_draining_lake_flatness: w= 512 multiplicative(gated)  perfect_sim          tick= 244 spread=20.0000 mean_surface_row=105.118 wetted_columns=331
diag_task55_draining_lake_flatness: w= 512 multiplicative(gated)  perfect_sim          tick= 325 spread=73.0000 mean_surface_row=122.997 wetted_columns=330
diag_task55_draining_lake_flatness: w= 512 multiplicative(gated)  perfect_sim          tick= 488 spread=150.0000 mean_surface_row=135.683 wetted_columns=246
diag_task55_draining_lake_flatness: w= 512 multiplicative(gated)  perfect_sim          tick= 650 spread=156.0000 mean_surface_row=151.472 wetted_columns=229
diag_task55_draining_lake_flatness: w= 512 multiplicative(gated)  perfect_sim          tick= 975 spread=143.0000 mean_surface_row=167.606 wetted_columns=188
diag_task55_draining_lake_flatness: w= 512 multiplicative(gated)  perfect_sim          tick=1300 spread=113.0000 mean_surface_row=187.210 wetted_columns=157
diag_task55_draining_lake_flatness: w= 512 multiplicative(gated)  perfect_sim          peak_spread=159.0000 at tick=411 run_ticks_budget=1300
test physics::tests::diag_task55_draining_lake_flatness ... ok

test result: ok. 1 passed; 0 failed; 0 ignored; 0 measured; 129 filtered out; finished in 204.34s


real	3m39.941s
user	2m27.984s
sys	0m46.635s
